Scope: all 10 workspace projects
Lockfile is up to date, resolution step is skipped
Progress: resolved 1, reused 0, downloaded 0, added 0
Packages: +1174
++++++++++++++++++++++++++++++++++++++++++++++++++++++++++++++++++++++++++++++++
Progress: resolved 1174, reused 338, downloaded 0, added 0
Progress: resolved 1174, reused 495, downloaded 0, added 0
Progress: resolved 1174, reused 688, downloaded 0, added 0
Progress: resolved 1174, reused 823, downloaded 0, added 0
Progress: resolved 1174, reused 1078, downloaded 0, added 0
Progress: resolved 1174, reused 1085, downloaded 0, added 0
Progress: resolved 1174, reused 1085, downloaded 0, added 1
Progress: resolved 1174, reused 1085, downloaded 0, added 2
Progress: resolved 1174, reused 1085, downloaded 0, added 3
Progress: resolved 1174, reused 1085, downloaded 0, added 4
Progress: resolved 1174, reused 1085, downloaded 0, added 5
Progress: resolved 1174, reused 1085, downloaded 0, added 6
Progress: resolved 1174, reused 1085, downloaded 0, added 7
Progress: resolved 1174, reused 1085, downloaded 0, added 8
Progress: resolved 1174, reused 1085, downloaded 0, added 9
Progress: resolved 1174, reused 1085, downloaded 0, added 11
Progress: resolved 1174, reused 1085, downloaded 0, added 12
Progress: resolved 1174, reused 1085, downloaded 0, added 13
Progress: resolved 1174, reused 1085, downloaded 0, added 14
Progress: resolved 1174, reused 1085, downloaded 0, added 15
Progress: resolved 1174, reused 1085, downloaded 0, added 16
Progress: resolved 1174, reused 1085, downloaded 0, added 17
Progress: resolved 1174, reused 1085, downloaded 0, added 19
Progress: resolved 1174, reused 1085, downloaded 0, added 20
Progress: resolved 1174, reused 1085, downloaded 0, added 22
Progress: resolved 1174, reused 1085, downloaded 0, added 23
Progress: resolved 1174, reused 1085, downloaded 0, added 24
Progress: resolved 1174, reused 1085, downloaded 0, added 25
Progress: resolved 1174, reused 1085, downloaded 0, added 26
Progress: resolved 1174, reused 1085, downloaded 0, added 27
Progress: resolved 1174, reused 1085, downloaded 0, added 28
Progress: resolved 1174, reused 1085, downloaded 0, added 29
Progress: resolved 1174, reused 1085, downloaded 0, added 30
Progress: resolved 1174, reused 1085, downloaded 0, added 31
Progress: resolved 1174, reused 1085, downloaded 0, added 32
Progress: resolved 1174, reused 1085, downloaded 0, added 33
Progress: resolved 1174, reused 1085, downloaded 0, added 34
Progress: resolved 1174, reused 1085, downloaded 0, added 35
Progress: resolved 1174, reused 1085, downloaded 0, added 36
Progress: resolved 1174, reused 1085, downloaded 0, added 37
Progress: resolved 1174, reused 1085, downloaded 0, added 38
Progress: resolved 1174, reused 1085, downloaded 0, added 39
Progress: resolved 1174, reused 1085, downloaded 0, added 40
Progress: resolved 1174, reused 1085, downloaded 0, added 41
Progress: resolved 1174, reused 1085, downloaded 0, added 42
Progress: resolved 1174, reused 1085, downloaded 0, added 43
Progress: resolved 1174, reused 1085, downloaded 0, added 44
Progress: resolved 1174, reused 1085, downloaded 0, added 45
Progress: resolved 1174, reused 1085, downloaded 0, added 46
Progress: resolved 1174, reused 1085, downloaded 0, added 47
Progress: resolved 1174, reused 1085, downloaded 0, added 48
Progress: resolved 1174, reused 1085, downloaded 0, added 49
Progress: resolved 1174, reused 1085, downloaded 0, added 50
Progress: resolved 1174, reused 1085, downloaded 0, added 51
Progress: resolved 1174, reused 1085, downloaded 0, added 52
Progress: resolved 1174, reused 1085, downloaded 0, added 53
Progress: resolved 1174, reused 1085, downloaded 0, added 54
Progress: resolved 1174, reused 1085, downloaded 0, added 55
Progress: resolved 1174, reused 1085, downloaded 0, added 56
Progress: resolved 1174, reused 1085, downloaded 0, added 57
Progress: resolved 1174, reused 1085, downloaded 0, added 58
Progress: resolved 1174, reused 1085, downloaded 0, added 59
Progress: resolved 1174, reused 1085, downloaded 0, added 60
Progress: resolved 1174, reused 1085, downloaded 0, added 61
Progress: resolved 1174, reused 1085, downloaded 0, added 62
Progress: resolved 1174, reused 1085, downloaded 0, added 63
Progress: resolved 1174, reused 1085, downloaded 0, added 64
Progress: resolved 1174, reused 1085, downloaded 0, added 65
Progress: resolved 1174, reused 1085, downloaded 0, added 66
Progress: resolved 1174, reused 1085, downloaded 0, added 67
Progress: resolved 1174, reused 1085, downloaded 0, added 68
Progress: resolved 1174, reused 1085, downloaded 0, added 69
Progress: resolved 1174, reused 1085, downloaded 0, added 70
Progress: resolved 1174, reused 1085, downloaded 0, added 71
Progress: resolved 1174, reused 1085, downloaded 0, added 72
Progress: resolved 1174, reused 1085, downloaded 0, added 73
Progress: resolved 1174, reused 1085, downloaded 0, added 74
Progress: resolved 1174, reused 1085, downloaded 0, added 75
Progress: resolved 1174, reused 1085, downloaded 0, added 76
Progress: resolved 1174, reused 1085, downloaded 0, added 77
Progress: resolved 1174, reused 1085, downloaded 0, added 78
Progress: resolved 1174, reused 1085, downloaded 0, added 79
Progress: resolved 1174, reused 1085, downloaded 0, added 80
Progress: resolved 1174, reused 1085, downloaded 0, added 81
Progress: resolved 1174, reused 1085, downloaded 0, added 82
Progress: resolved 1174, reused 1085, downloaded 0, added 83
Progress: resolved 1174, reused 1085, downloaded 0, added 84
Progress: resolved 1174, reused 1085, downloaded 0, added 85
Progress: resolved 1174, reused 1085, downloaded 0, added 86
Progress: resolved 1174, reused 1085, downloaded 0, added 87
Progress: resolved 1174, reused 1085, downloaded 0, added 88
Progress: resolved 1174, reused 1085, downloaded 0, added 89
Progress: resolved 1174, reused 1085, downloaded 0, added 90
Progress: resolved 1174, reused 1085, downloaded 0, added 91
Progress: resolved 1174, reused 1085, downloaded 0, added 92
Progress: resolved 1174, reused 1085, downloaded 0, added 93
Progress: resolved 1174, reused 1085, downloaded 0, added 94
Progress: resolved 1174, reused 1085, downloaded 0, added 95
Progress: resolved 1174, reused 1085, downloaded 0, added 96
Progress: resolved 1174, reused 1085, downloaded 0, added 97
Progress: resolved 1174, reused 1085, downloaded 0, added 98
Progress: resolved 1174, reused 1085, downloaded 0, added 99
Progress: resolved 1174, reused 1085, downloaded 0, added 100
Progress: resolved 1174, reused 1085, downloaded 0, added 101
Progress: resolved 1174, reused 1085, downloaded 0, added 102
Progress: resolved 1174, reused 1085, downloaded 0, added 103
Progress: resolved 1174, reused 1085, downloaded 0, added 104
Progress: resolved 1174, reused 1085, downloaded 0, added 105
Progress: resolved 1174, reused 1085, downloaded 0, added 106
Progress: resolved 1174, reused 1085, downloaded 0, added 107
Progress: resolved 1174, reused 1085, downloaded 0, added 108
Progress: resolved 1174, reused 1085, downloaded 0, added 109
Progress: resolved 1174, reused 1085, downloaded 0, added 110
Progress: resolved 1174, reused 1085, downloaded 0, added 111
Progress: resolved 1174, reused 1085, downloaded 0, added 112
Progress: resolved 1174, reused 1085, downloaded 0, added 113
Progress: resolved 1174, reused 1085, downloaded 0, added 114
Progress: resolved 1174, reused 1085, downloaded 0, added 115
Progress: resolved 1174, reused 1085, downloaded 0, added 116
Progress: resolved 1174, reused 1085, downloaded 0, added 117
Progress: resolved 1174, reused 1085, downloaded 0, added 118
Progress: resolved 1174, reused 1085, downloaded 0, added 119
Progress: resolved 1174, reused 1085, downloaded 0, added 120
Progress: resolved 1174, reused 1085, downloaded 0, added 121
Progress: resolved 1174, reused 1085, downloaded 0, added 122
Progress: resolved 1174, reused 1085, downloaded 0, added 123
Progress: resolved 1174, reused 1085, downloaded 0, added 124
Progress: resolved 1174, reused 1085, downloaded 0, added 125
Progress: resolved 1174, reused 1085, downloaded 0, added 126
Progress: resolved 1174, reused 1085, downloaded 0, added 127
Progress: resolved 1174, reused 1085, downloaded 0, added 128
Progress: resolved 1174, reused 1085, downloaded 0, added 129
Progress: resolved 1174, reused 1085, downloaded 0, added 130
Progress: resolved 1174, reused 1085, downloaded 0, added 131
Progress: resolved 1174, reused 1085, downloaded 0, added 132
Progress: resolved 1174, reused 1085, downloaded 0, added 133
Progress: resolved 1174, reused 1085, downloaded 0, added 134
Progress: resolved 1174, reused 1085, downloaded 0, added 135
Progress: resolved 1174, reused 1085, downloaded 0, added 136
Progress: resolved 1174, reused 1085, downloaded 0, added 137
Progress: resolved 1174, reused 1085, downloaded 0, added 138
Progress: resolved 1174, reused 1085, downloaded 0, added 139
Progress: resolved 1174, reused 1085, downloaded 0, added 140
Progress: resolved 1174, reused 1085, downloaded 0, added 141
Progress: resolved 1174, reused 1085, downloaded 0, added 142
Progress: resolved 1174, reused 1085, downloaded 0, added 144
Progress: resolved 1174, reused 1085, downloaded 0, added 145
Progress: resolved 1174, reused 1085, downloaded 0, added 146
Progress: resolved 1174, reused 1085, downloaded 0, added 147
Progress: resolved 1174, reused 1085, downloaded 0, added 148
Progress: resolved 1174, reused 1085, downloaded 0, added 149
Progress: resolved 1174, reused 1085, downloaded 0, added 150
Progress: resolved 1174, reused 1085, downloaded 0, added 151
Progress: resolved 1174, reused 1085, downloaded 0, added 152
Progress: resolved 1174, reused 1085, downloaded 0, added 153
Progress: resolved 1174, reused 1085, downloaded 0, added 154
Progress: resolved 1174, reused 1085, downloaded 0, added 155
Progress: resolved 1174, reused 1085, downloaded 0, added 156
Progress: resolved 1174, reused 1085, downloaded 0, added 157
Progress: resolved 1174, reused 1085, downloaded 0, added 158
Progress: resolved 1174, reused 1085, downloaded 0, added 159
Progress: resolved 1174, reused 1085, downloaded 0, added 160
Progress: resolved 1174, reused 1085, downloaded 0, added 161
Progress: resolved 1174, reused 1085, downloaded 0, added 162
Progress: resolved 1174, reused 1085, downloaded 0, added 163
