[  117226ms] [INFO] %cDownload the React DevTools for a better development experience: https://react.dev/link/react-devtools font-weight:bold @ webpack-internal:///(app-pages-browser)/../../node_modules/.pnpm/next@15.5.14_@opentelemetry_340532da0f0cb441b9af874893e94eda/node_modules/next/dist/compiled/react-dom/cjs/react-dom-client.development.js:25630
[  117384ms] [WARNING] %c%s%c {"timestamp":"2026-06-23T11:37:42.431Z","level":"warn","message":"Redis is not configured. Falling back to in-memory cache.","scope":"redis","environment":"development"} background: #e6e6e6;background: light-dark(rgba(0,0,0,0.1), rgba(255,255,255,0.25));color: #000000;color: light-dark(#000000, #ffffff);border-radius: 2px  Server   @ about://React/Server/webpack-internal:///(rsc)/../../packages/config/src/runtime.ts?0:500
[  122500ms] [ERROR] Encountered two children with the same key, `%s`. Keys should be unique so that components maintain their identity across updates. Non-unique keys may cause children to be duplicated and/or omitted — the behavior is unsupported and could change in a future version. demo-polymarket-cluster @ webpack-internal:///(app-pages-browser)/../../node_modules/.pnpm/next@15.5.14_@opentelemetry_340532da0f0cb441b9af874893e94eda/node_modules/next/dist/next-devtools/userspace/app/errors/intercept-console-error.js:56
[  124655ms] [WARNING] ../../node_modules/.pnpm/@privy-io+react-auth@3.18.0_051015d4c69c2718a1030a21ad015eba/node_modules/@privy-io/react-auth/dist/esm/index-YDEix4mU.mjs
Module not found: Can't resolve '@farcaster/mini-app-solana' in 'C:\Users\HP\cotana\node_modules\.pnpm\@privy-io+react-auth@3.18.0_051015d4c69c2718a1030a21ad015eba\node_modules\@privy-io\react-auth\dist\esm' @ webpack-internal:///(app-pages-browser)/../../node_modules/.pnpm/next@15.5.14_@opentelemetry_340532da0f0cb441b9af874893e94eda/node_modules/next/dist/client/dev/hot-reloader/app/hot-reloader-app.js:241
[  130308ms] [WARNING] ../../node_modules/.pnpm/@privy-io+react-auth@3.18.0_051015d4c69c2718a1030a21ad015eba/node_modules/@privy-io/react-auth/dist/esm/index-YDEix4mU.mjs
Module not found: Can't resolve '@farcaster/mini-app-solana' in 'C:\Users\HP\cotana\node_modules\.pnpm\@privy-io+react-auth@3.18.0_051015d4c69c2718a1030a21ad015eba\node_modules\@privy-io\react-auth\dist\esm' @ webpack-internal:///(app-pages-browser)/../../node_modules/.pnpm/next@15.5.14_@opentelemetry_340532da0f0cb441b9af874893e94eda/node_modules/next/dist/client/dev/hot-reloader/app/hot-reloader-app.js:241
[  142705ms] [LOG] [Fast Refresh] rebuilding @ webpack-internal:///(app-pages-browser)/../../node_modules/.pnpm/next@15.5.14_@opentelemetry_340532da0f0cb441b9af874893e94eda/node_modules/next/dist/client/dev/hot-reloader/app/hot-reloader-app.js:196
[  151182ms] [WARNING] ../../node_modules/.pnpm/@privy-io+react-auth@3.18.0_051015d4c69c2718a1030a21ad015eba/node_modules/@privy-io/react-auth/dist/esm/index-YDEix4mU.mjs
Module not found: Can't resolve '@farcaster/mini-app-solana' in 'C:\Users\HP\cotana\node_modules\.pnpm\@privy-io+react-auth@3.18.0_051015d4c69c2718a1030a21ad015eba\node_modules\@privy-io\react-auth\dist\esm'

Import trace for requested module:
../../node_modules/.pnpm/@privy-io+react-auth@3.18.0_051015d4c69c2718a1030a21ad015eba/node_modules/@privy-io/react-auth/dist/esm/index-YDEix4mU.mjs
../../node_modules/.pnpm/@privy-io+react-auth@3.18.0_051015d4c69c2718a1030a21ad015eba/node_modules/@privy-io/react-auth/dist/esm/index.mjs
./components/store-privy-provider.tsx @ webpack-internal:///(app-pages-browser)/../../node_modules/.pnpm/next@15.5.14_@opentelemetry_340532da0f0cb441b9af874893e94eda/node_modules/next/dist/client/dev/hot-reloader/app/hot-reloader-app.js:241
[  151492ms] [LOG] [Fast Refresh] done in 8787ms @ webpack-internal:///(app-pages-browser)/../../node_modules/.pnpm/next@15.5.14_@opentelemetry_340532da0f0cb441b9af874893e94eda/node_modules/next/dist/client/dev/report-hmr-latency.js:13
[  152884ms] [WARNING] %c%s%c {"timestamp":"2026-06-23T11:38:24.115Z","level":"warn","message":"Redis is not configured. Falling back to in-memory cache.","scope":"redis","environment":"development"} background: #e6e6e6;background: light-dark(rgba(0,0,0,0.1), rgba(255,255,255,0.25));color: #000000;color: light-dark(#000000, #ffffff);border-radius: 2px  Server   @ about://React/Server/webpack-internal:///(rsc)/../../packages/config/src/runtime.ts?0:500
[  155935ms] [WARNING] The resource http://localhost:3001/_next/static/css/app/layout.css?v=1782214703321 was preloaded using link preload but not used within a few seconds from the window's load event. Please make sure it has an appropriate `as` value and it is preloaded intentionally. @ http://localhost:3001/:0
[  162785ms] [ERROR] Encountered two children with the same key, `%s`. Keys should be unique so that components maintain their identity across updates. Non-unique keys may cause children to be duplicated and/or omitted — the behavior is unsupported and could change in a future version. demo-polymarket-cluster @ webpack-internal:///(app-pages-browser)/../../node_modules/.pnpm/next@15.5.14_@opentelemetry_340532da0f0cb441b9af874893e94eda/node_modules/next/dist/next-devtools/userspace/app/errors/intercept-console-error.js:56
[  195269ms] [WARNING] ../../node_modules/.pnpm/@privy-io+react-auth@3.18.0_051015d4c69c2718a1030a21ad015eba/node_modules/@privy-io/react-auth/dist/esm/index-YDEix4mU.mjs
Module not found: Can't resolve '@farcaster/mini-app-solana' in 'C:\Users\HP\cotana\node_modules\.pnpm\@privy-io+react-auth@3.18.0_051015d4c69c2718a1030a21ad015eba\node_modules\@privy-io\react-auth\dist\esm' @ webpack-internal:///(app-pages-browser)/../../node_modules/.pnpm/next@15.5.14_@opentelemetry_340532da0f0cb441b9af874893e94eda/node_modules/next/dist/client/dev/hot-reloader/app/hot-reloader-app.js:241
