[   90251ms] [INFO] %cDownload the React DevTools for a better development experience: https://react.dev/link/react-devtools font-weight:bold @ webpack-internal:///(app-pages-browser)/../../node_modules/.pnpm/next@15.5.14_@opentelemetry_340532da0f0cb441b9af874893e94eda/node_modules/next/dist/compiled/react-dom/cjs/react-dom-client.development.js:25630
[   90395ms] [WARNING] %c%s%c {"timestamp":"2026-06-23T11:45:05.736Z","level":"warn","message":"Redis is not configured. Falling back to in-memory cache.","scope":"redis","environment":"development"} background: #e6e6e6;background: light-dark(rgba(0,0,0,0.1), rgba(255,255,255,0.25));color: #000000;color: light-dark(#000000, #ffffff);border-radius: 2px  Server   @ about://React/Server/webpack-internal:///(rsc)/../../packages/config/src/runtime.ts?0:500
[   94803ms] [ERROR] Encountered two children with the same key, `%s`. Keys should be unique so that components maintain their identity across updates. Non-unique keys may cause children to be duplicated and/or omitted — the behavior is unsupported and could change in a future version. demo-polymarket-cluster @ webpack-internal:///(app-pages-browser)/../../node_modules/.pnpm/next@15.5.14_@opentelemetry_340532da0f0cb441b9af874893e94eda/node_modules/next/dist/next-devtools/userspace/app/errors/intercept-console-error.js:56
[   94856ms] [ERROR] Failed to load resource: the server responded with a status of 404 (Not Found) @ http://localhost:3002/favicon.ico:0
[   94970ms] [WARNING] ../../node_modules/.pnpm/@privy-io+react-auth@3.18.0_051015d4c69c2718a1030a21ad015eba/node_modules/@privy-io/react-auth/dist/esm/index-YDEix4mU.mjs
Module not found: Can't resolve '@farcaster/mini-app-solana' in 'C:\Users\HP\cotana\node_modules\.pnpm\@privy-io+react-auth@3.18.0_051015d4c69c2718a1030a21ad015eba\node_modules\@privy-io\react-auth\dist\esm' @ webpack-internal:///(app-pages-browser)/../../node_modules/.pnpm/next@15.5.14_@opentelemetry_340532da0f0cb441b9af874893e94eda/node_modules/next/dist/client/dev/hot-reloader/app/hot-reloader-app.js:241
[  276006ms] [WARNING] ../../node_modules/.pnpm/@privy-io+react-auth@3.18.0_051015d4c69c2718a1030a21ad015eba/node_modules/@privy-io/react-auth/dist/esm/index-YDEix4mU.mjs
Module not found: Can't resolve '@farcaster/mini-app-solana' in 'C:\Users\HP\cotana\node_modules\.pnpm\@privy-io+react-auth@3.18.0_051015d4c69c2718a1030a21ad015eba\node_modules\@privy-io\react-auth\dist\esm' @ webpack-internal:///(app-pages-browser)/../../node_modules/.pnpm/next@15.5.14_@opentelemetry_340532da0f0cb441b9af874893e94eda/node_modules/next/dist/client/dev/hot-reloader/app/hot-reloader-app.js:241
[  322370ms] [WARNING] ../../node_modules/.pnpm/@privy-io+react-auth@3.18.0_051015d4c69c2718a1030a21ad015eba/node_modules/@privy-io/react-auth/dist/esm/index-YDEix4mU.mjs
Module not found: Can't resolve '@farcaster/mini-app-solana' in 'C:\Users\HP\cotana\node_modules\.pnpm\@privy-io+react-auth@3.18.0_051015d4c69c2718a1030a21ad015eba\node_modules\@privy-io\react-auth\dist\esm' @ webpack-internal:///(app-pages-browser)/../../node_modules/.pnpm/next@15.5.14_@opentelemetry_340532da0f0cb441b9af874893e94eda/node_modules/next/dist/client/dev/hot-reloader/app/hot-reloader-app.js:241
[  368474ms] [WARNING] ../../node_modules/.pnpm/@privy-io+react-auth@3.18.0_051015d4c69c2718a1030a21ad015eba/node_modules/@privy-io/react-auth/dist/esm/index-YDEix4mU.mjs
Module not found: Can't resolve '@farcaster/mini-app-solana' in 'C:\Users\HP\cotana\node_modules\.pnpm\@privy-io+react-auth@3.18.0_051015d4c69c2718a1030a21ad015eba\node_modules\@privy-io\react-auth\dist\esm' @ webpack-internal:///(app-pages-browser)/../../node_modules/.pnpm/next@15.5.14_@opentelemetry_340532da0f0cb441b9af874893e94eda/node_modules/next/dist/client/dev/hot-reloader/app/hot-reloader-app.js:241
[  371504ms] [LOG] [Fast Refresh] rebuilding @ webpack-internal:///(app-pages-browser)/../../node_modules/.pnpm/next@15.5.14_@opentelemetry_340532da0f0cb441b9af874893e94eda/node_modules/next/dist/client/dev/hot-reloader/app/hot-reloader-app.js:196
[  383433ms] [WARNING] ../../node_modules/.pnpm/@privy-io+react-auth@3.18.0_051015d4c69c2718a1030a21ad015eba/node_modules/@privy-io/react-auth/dist/esm/index-YDEix4mU.mjs
Module not found: Can't resolve '@farcaster/mini-app-solana' in 'C:\Users\HP\cotana\node_modules\.pnpm\@privy-io+react-auth@3.18.0_051015d4c69c2718a1030a21ad015eba\node_modules\@privy-io\react-auth\dist\esm'

Import trace for requested module:
../../node_modules/.pnpm/@privy-io+react-auth@3.18.0_051015d4c69c2718a1030a21ad015eba/node_modules/@privy-io/react-auth/dist/esm/index-YDEix4mU.mjs
../../node_modules/.pnpm/@privy-io+react-auth@3.18.0_051015d4c69c2718a1030a21ad015eba/node_modules/@privy-io/react-auth/dist/esm/index.mjs
./components/store-privy-provider.tsx @ webpack-internal:///(app-pages-browser)/../../node_modules/.pnpm/next@15.5.14_@opentelemetry_340532da0f0cb441b9af874893e94eda/node_modules/next/dist/client/dev/hot-reloader/app/hot-reloader-app.js:241
[  384405ms] [LOG] [Fast Refresh] done in 12903ms @ webpack-internal:///(app-pages-browser)/../../node_modules/.pnpm/next@15.5.14_@opentelemetry_340532da0f0cb441b9af874893e94eda/node_modules/next/dist/client/dev/report-hmr-latency.js:13
[  388612ms] [ERROR] Encountered two children with the same key, `%s`. Keys should be unique so that components maintain their identity across updates. Non-unique keys may cause children to be duplicated and/or omitted — the behavior is unsupported and could change in a future version. demo-polymarket-cluster @ webpack-internal:///(app-pages-browser)/../../node_modules/.pnpm/next@15.5.14_@opentelemetry_340532da0f0cb441b9af874893e94eda/node_modules/next/dist/next-devtools/userspace/app/errors/intercept-console-error.js:56
[  397972ms] [LOG] [Fast Refresh] rebuilding @ webpack-internal:///(app-pages-browser)/../../node_modules/.pnpm/next@15.5.14_@opentelemetry_340532da0f0cb441b9af874893e94eda/node_modules/next/dist/client/dev/hot-reloader/app/hot-reloader-app.js:196
[  403504ms] [WARNING] ../../node_modules/.pnpm/@privy-io+react-auth@3.18.0_051015d4c69c2718a1030a21ad015eba/node_modules/@privy-io/react-auth/dist/esm/index-YDEix4mU.mjs
Module not found: Can't resolve '@farcaster/mini-app-solana' in 'C:\Users\HP\cotana\node_modules\.pnpm\@privy-io+react-auth@3.18.0_051015d4c69c2718a1030a21ad015eba\node_modules\@privy-io\react-auth\dist\esm' @ webpack-internal:///(app-pages-browser)/../../node_modules/.pnpm/next@15.5.14_@opentelemetry_340532da0f0cb441b9af874893e94eda/node_modules/next/dist/client/dev/hot-reloader/app/hot-reloader-app.js:241
[  414669ms] [WARNING] ../../node_modules/.pnpm/@privy-io+react-auth@3.18.0_051015d4c69c2718a1030a21ad015eba/node_modules/@privy-io/react-auth/dist/esm/index-YDEix4mU.mjs
Module not found: Can't resolve '@farcaster/mini-app-solana' in 'C:\Users\HP\cotana\node_modules\.pnpm\@privy-io+react-auth@3.18.0_051015d4c69c2718a1030a21ad015eba\node_modules\@privy-io\react-auth\dist\esm'

Import trace for requested module:
../../node_modules/.pnpm/@privy-io+react-auth@3.18.0_051015d4c69c2718a1030a21ad015eba/node_modules/@privy-io/react-auth/dist/esm/index-YDEix4mU.mjs
../../node_modules/.pnpm/@privy-io+react-auth@3.18.0_051015d4c69c2718a1030a21ad015eba/node_modules/@privy-io/react-auth/dist/esm/index.mjs
./components/store-privy-provider.tsx @ webpack-internal:///(app-pages-browser)/../../node_modules/.pnpm/next@15.5.14_@opentelemetry_340532da0f0cb441b9af874893e94eda/node_modules/next/dist/client/dev/hot-reloader/app/hot-reloader-app.js:241
[  418231ms] [LOG] [Fast Refresh] done in 20258ms @ webpack-internal:///(app-pages-browser)/../../node_modules/.pnpm/next@15.5.14_@opentelemetry_340532da0f0cb441b9af874893e94eda/node_modules/next/dist/client/dev/report-hmr-latency.js:13
[  422414ms] [WARNING] ../../node_modules/.pnpm/@privy-io+react-auth@3.18.0_051015d4c69c2718a1030a21ad015eba/node_modules/@privy-io/react-auth/dist/esm/index-YDEix4mU.mjs
Module not found: Can't resolve '@farcaster/mini-app-solana' in 'C:\Users\HP\cotana\node_modules\.pnpm\@privy-io+react-auth@3.18.0_051015d4c69c2718a1030a21ad015eba\node_modules\@privy-io\react-auth\dist\esm' @ webpack-internal:///(app-pages-browser)/../../node_modules/.pnpm/next@15.5.14_@opentelemetry_340532da0f0cb441b9af874893e94eda/node_modules/next/dist/client/dev/hot-reloader/app/hot-reloader-app.js:241
[  426515ms] [LOG] [Fast Refresh] rebuilding @ webpack-internal:///(app-pages-browser)/../../node_modules/.pnpm/next@15.5.14_@opentelemetry_340532da0f0cb441b9af874893e94eda/node_modules/next/dist/client/dev/hot-reloader/app/hot-reloader-app.js:196
[  437130ms] [WARNING] ../../node_modules/.pnpm/@privy-io+react-auth@3.18.0_051015d4c69c2718a1030a21ad015eba/node_modules/@privy-io/react-auth/dist/esm/index-YDEix4mU.mjs
Module not found: Can't resolve '@farcaster/mini-app-solana' in 'C:\Users\HP\cotana\node_modules\.pnpm\@privy-io+react-auth@3.18.0_051015d4c69c2718a1030a21ad015eba\node_modules\@privy-io\react-auth\dist\esm'

Import trace for requested module:
../../node_modules/.pnpm/@privy-io+react-auth@3.18.0_051015d4c69c2718a1030a21ad015eba/node_modules/@privy-io/react-auth/dist/esm/index-YDEix4mU.mjs
../../node_modules/.pnpm/@privy-io+react-auth@3.18.0_051015d4c69c2718a1030a21ad015eba/node_modules/@privy-io/react-auth/dist/esm/index.mjs
./components/store-privy-provider.tsx @ webpack-internal:///(app-pages-browser)/../../node_modules/.pnpm/next@15.5.14_@opentelemetry_340532da0f0cb441b9af874893e94eda/node_modules/next/dist/client/dev/hot-reloader/app/hot-reloader-app.js:241
[  437704ms] [LOG] [Fast Refresh] done in 11188ms @ webpack-internal:///(app-pages-browser)/../../node_modules/.pnpm/next@15.5.14_@opentelemetry_340532da0f0cb441b9af874893e94eda/node_modules/next/dist/client/dev/report-hmr-latency.js:13
[  451354ms] [LOG] [Fast Refresh] rebuilding @ webpack-internal:///(app-pages-browser)/../../node_modules/.pnpm/next@15.5.14_@opentelemetry_340532da0f0cb441b9af874893e94eda/node_modules/next/dist/client/dev/hot-reloader/app/hot-reloader-app.js:196
[  459424ms] [WARNING] ../../node_modules/.pnpm/@privy-io+react-auth@3.18.0_051015d4c69c2718a1030a21ad015eba/node_modules/@privy-io/react-auth/dist/esm/index-YDEix4mU.mjs
Module not found: Can't resolve '@farcaster/mini-app-solana' in 'C:\Users\HP\cotana\node_modules\.pnpm\@privy-io+react-auth@3.18.0_051015d4c69c2718a1030a21ad015eba\node_modules\@privy-io\react-auth\dist\esm' @ webpack-internal:///(app-pages-browser)/../../node_modules/.pnpm/next@15.5.14_@opentelemetry_340532da0f0cb441b9af874893e94eda/node_modules/next/dist/client/dev/hot-reloader/app/hot-reloader-app.js:241
[  465053ms] [WARNING] ../../node_modules/.pnpm/@privy-io+react-auth@3.18.0_051015d4c69c2718a1030a21ad015eba/node_modules/@privy-io/react-auth/dist/esm/index-YDEix4mU.mjs
Module not found: Can't resolve '@farcaster/mini-app-solana' in 'C:\Users\HP\cotana\node_modules\.pnpm\@privy-io+react-auth@3.18.0_051015d4c69c2718a1030a21ad015eba\node_modules\@privy-io\react-auth\dist\esm'

Import trace for requested module:
../../node_modules/.pnpm/@privy-io+react-auth@3.18.0_051015d4c69c2718a1030a21ad015eba/node_modules/@privy-io/react-auth/dist/esm/index-YDEix4mU.mjs
../../node_modules/.pnpm/@privy-io+react-auth@3.18.0_051015d4c69c2718a1030a21ad015eba/node_modules/@privy-io/react-auth/dist/esm/index.mjs
./components/store-privy-provider.tsx @ webpack-internal:///(app-pages-browser)/../../node_modules/.pnpm/next@15.5.14_@opentelemetry_340532da0f0cb441b9af874893e94eda/node_modules/next/dist/client/dev/hot-reloader/app/hot-reloader-app.js:241
[  468424ms] [LOG] [Fast Refresh] done in 17070ms @ webpack-internal:///(app-pages-browser)/../../node_modules/.pnpm/next@15.5.14_@opentelemetry_340532da0f0cb441b9af874893e94eda/node_modules/next/dist/client/dev/report-hmr-latency.js:13
[  470014ms] [WARNING] ../../node_modules/.pnpm/@privy-io+react-auth@3.18.0_051015d4c69c2718a1030a21ad015eba/node_modules/@privy-io/react-auth/dist/esm/index-YDEix4mU.mjs
Module not found: Can't resolve '@farcaster/mini-app-solana' in 'C:\Users\HP\cotana\node_modules\.pnpm\@privy-io+react-auth@3.18.0_051015d4c69c2718a1030a21ad015eba\node_modules\@privy-io\react-auth\dist\esm' @ webpack-internal:///(app-pages-browser)/../../node_modules/.pnpm/next@15.5.14_@opentelemetry_340532da0f0cb441b9af874893e94eda/node_modules/next/dist/client/dev/hot-reloader/app/hot-reloader-app.js:241
[  470341ms] [LOG] [Fast Refresh] rebuilding @ webpack-internal:///(app-pages-browser)/../../node_modules/.pnpm/next@15.5.14_@opentelemetry_340532da0f0cb441b9af874893e94eda/node_modules/next/dist/client/dev/hot-reloader/app/hot-reloader-app.js:196
[  477253ms] [WARNING] ../../node_modules/.pnpm/@privy-io+react-auth@3.18.0_051015d4c69c2718a1030a21ad015eba/node_modules/@privy-io/react-auth/dist/esm/index-YDEix4mU.mjs
Module not found: Can't resolve '@farcaster/mini-app-solana' in 'C:\Users\HP\cotana\node_modules\.pnpm\@privy-io+react-auth@3.18.0_051015d4c69c2718a1030a21ad015eba\node_modules\@privy-io\react-auth\dist\esm'

Import trace for requested module:
../../node_modules/.pnpm/@privy-io+react-auth@3.18.0_051015d4c69c2718a1030a21ad015eba/node_modules/@privy-io/react-auth/dist/esm/index-YDEix4mU.mjs
../../node_modules/.pnpm/@privy-io+react-auth@3.18.0_051015d4c69c2718a1030a21ad015eba/node_modules/@privy-io/react-auth/dist/esm/index.mjs
./components/store-privy-provider.tsx @ webpack-internal:///(app-pages-browser)/../../node_modules/.pnpm/next@15.5.14_@opentelemetry_340532da0f0cb441b9af874893e94eda/node_modules/next/dist/client/dev/hot-reloader/app/hot-reloader-app.js:241
[  480070ms] [LOG] [Fast Refresh] done in 9729ms @ webpack-internal:///(app-pages-browser)/../../node_modules/.pnpm/next@15.5.14_@opentelemetry_340532da0f0cb441b9af874893e94eda/node_modules/next/dist/client/dev/report-hmr-latency.js:13
